// Jest Snapshot v1, https://goo.gl/fbAQLP

exports[`PdfComponent matches snapshot 1`] = `
<html
  lang="en"
>
  <head>
    <meta
      charSet="UTF-8"
    />
    <base
      href="http://localhost:undefined/"
    />
    <link
      href="http://example.com/style.css"
      rel="stylesheet"
    />
    <link
      href="http://example.com/Shared/CSS/Universal/items.css"
      rel="stylesheet"
    />
    <link
      href="http://example.com/Projects/SBAC/css/modernItems.css"
      rel="stylesheet"
    />
  </head>
  <body
    className="pdf-body"
  >
    <CoverPage
      grade="3"
      subject="math"
    />
    <ItemViewContainer
      displayScoreInfo={false}
      itemData={
        Object {
          "passage": undefined,
          "questions": Array [
            Object {
              "data": Object {
                "associatedItems": "string",
                "commonCoreStandardsDescription": "string",
                "depthOfKnowledge": "string",
                "educationalDifficulty": "string",
                "evidenceStatement": "string",
                "itemCardViewModel": Object {
                  "bankKey": 1,
                  "claimCode": "234536",
                  "claimLabel": "Math Claim",
                  "commonCoreStandardId": "",
                  "depthOfKnowledge": "",
                  "domain": "MATH",
                  "grade": 8,
                  "gradeLabel": "grade 3",
                  "interactionTypeCode": "",
                  "interactionTypeLabel": "",
                  "isPerformanceItem": false,
                  "itemKey": 1,
                  "subjectCode": "MATH",
                  "subjectLabel": "math",
                  "targetDescription": "Description",
                  "targetHash": 212,
                  "targetId": "23463467",
                  "targetShortName": "1-3",
                  "title": "",
                },
                "targetDescription": "string",
              },
              "id": "12334",
              "questionNumber": 1,
              "view": Object {
                "captured": true,
                "html": undefined,
                "id": "12334",
                "picturePath": undefined,
                "type": 1,
              },
            },
          ],
        }
      }
      key="12334"
    />
  </body>
</html>
`;
